// Jest Snapshot v1, https://goo.gl/fbAQLP

exports[`Button component 1`] = `
<button
  className="button button_disabled"
  disabled={true}
/>
`;
